Godot Engine v4.5.1.stable.official.f62fdbde1 - https://godotengine.org

  ADVANCING: generating and abandoning 7 Zone(s) so the sample is served as this campaign's Zone 8 -- the id it was dumped under, and therefore its placement seed
  NAMED CASE: zone_008, 15 Check(s) allocated to it
  IDENTITY: laid out as 'zone_008' -- the layout seed follows the campaign's zone_id, not the sample's, so this is that CONTENT under a different pose sequence
  BUILD: the engine could not construct this proposal -- branch room 'c015' off 'c013' could not be placed clear of the 36 room(s) already standing
  REPORTED: build_failed for 'zone_008', proposal d6b5eb7b1fcc7cd7, attempt 0
  ok: the failure was reported for the Zone that failed
  ok: the failure was reported for the attempt it belongs to (0)
  ok: the client did not enter a Zone it could not build
  GENERATION: no proposal was refused; this is the one the provider offered first
  FIRST RESULT: BUILD FAILED (no layout was submitted, so there is no verdict to wait for)
  RECOVERY: at least 2 refusal(s) seen over 3 entry attempt(s); ended EXHAUSTED
  AFTER: hub ZONE_FAILED; 'zone_008' is parked, so its record is off the snapshot; the Hub names it as the discard target and refuses a new Zone over it, which is its 15 Check(s) still reserved; entered=false
  ok: the Hub offers a way out of the Zone that cannot be built
  ok: the parked Zone still reserves its Checks -- a new Zone is refused over it
  ok: the Hub still reports a mode
  ok: the Zone reached a terminal answer rather than leaving the client waiting (EXHAUSTED)
  TIMELINE:
       0.00s  provider proposal offered for 'zone_008' and accepted by the provider-side validator (15 Check(s) allocated)
       0.00s  enter_zone sent; the client begins the engine build
       1.49s  ENGINE BUILD FAILED -- branch room 'c015' off 'c013' could not be placed clear of the 36 room(s) already standing
       1.49s  client sent build_failed for 'zone_008' proposal d6b5eb7b1fcc7cd7 attempt 0
       1.86s  bridge charged attempt 1 to 'zone_008'
       1.86s  the recomposed Zone is offered again; entering it (attempt 2) the way the portal does
       3.73s  bridge charged attempt 2 to 'zone_008'
       3.73s  the recomposed Zone is offered again; entering it (attempt 3) the way the portal does
       5.61s  EXHAUSTED: the Zone spent its budget and is parked; the Hub offers a discard rather than a way in
       5.61s  final: hub ZONE_FAILED; parked, Checks still reserved
NAMED CASE zone_008: first=BUILD FAILED (no layout was submitted, so there is no verdict to wait for) refusals=2 ended=EXHAUSTED
GODOT RELOAD TESTS OK (7 checks)
