Godot Engine v4.5.1.stable.official.f62fdbde1 - https://godotengine.org

  ADVANCING: generating and abandoning 7 Zone(s) so the sample is served as this campaign's Zone 8 -- the id it was dumped under, and therefore its placement seed
  NAMED CASE: zone_008, 15 Check(s) allocated to it
  IDENTITY: laid out as 'zone_008' -- the layout seed follows the campaign's zone_id, not the sample's, so this is that CONTENT under a different pose sequence
  BUILD: the engine could not construct this proposal -- branch room 'c015' off 'c013' could not be placed clear of the 36 room(s) already standing
  REPORTED: build_failed for 'zone_008', proposal d6b5eb7b1fcc7cd7, attempt 0
  ok: the failure was reported for the Zone that failed
  ok: the failure was reported for the attempt it belongs to (0)
  ok: the client did not enter a Zone it could not build
  GENERATION: no proposal was refused; this is the one the provider offered first
  FIRST RESULT: BUILD FAILED (no layout was submitted, so there is no verdict to wait for)
p3a: room c001       shell=(procedural)         mode=none   declared=0 judged=0 accepted=0 selected=0 declined=0 built=0
p3a: room c002       shell=(procedural)         mode=none   declared=0 judged=0 accepted=0 selected=0 declined=0 built=0
p3a: room c018       shell=(procedural)         mode=none   declared=0 judged=0 accepted=0 selected=0 declined=0 built=0
p3a: room c020       shell=(procedural)         mode=none   declared=0 judged=0 accepted=0 selected=0 declined=0 built=0
p3a: room c021       shell=(procedural)         mode=none   declared=0 judged=0 accepted=0 selected=0 declined=0 built=0
p3a: room c003       shell=(procedural)         mode=none   declared=0 judged=0 accepted=0 selected=0 declined=0 built=0
p3a: room c004       shell=shell_corner_right   mode=none   declared=0 judged=0 accepted=0 selected=0 declined=0 built=0
p3a: room c005       shell=(procedural)         mode=none   declared=0 judged=0 accepted=0 selected=0 declined=0 built=0
p3a: room c014       shell=(procedural)         mode=none   declared=0 judged=0 accepted=0 selected=0 declined=0 built=0
p3a: room c015       shell=(procedural)         mode=none   declared=0 judged=0 accepted=0 selected=0 declined=0 built=0
p3a: room c017       shell=(procedural)         mode=none   declared=0 judged=0 accepted=0 selected=0 declined=0 built=0
p3a: room c006       shell=shell_hall_transit   mode=none   declared=6 judged=5 accepted=5 selected=0 declined=0 built=0
p3a: room c007       shell=shell_corner_left    mode=none   declared=0 judged=0 accepted=0 selected=0 declined=0 built=0
p3a: room c008       shell=(procedural)         mode=none   declared=0 judged=0 accepted=0 selected=0 declined=0 built=0
p3a: room c009       shell=(procedural)         mode=none   declared=0 judged=0 accepted=0 selected=0 declined=0 built=0
p3a: room c011       shell=(procedural)         mode=none   declared=0 judged=0 accepted=0 selected=0 declined=0 built=0
p3a: room c012       shell=(procedural)         mode=none   declared=0 judged=0 accepted=0 selected=0 declined=0 built=0
p3a: room c010       shell=shell_corner_right   mode=none   declared=0 judged=0 accepted=0 selected=0 declined=0 built=0
p3a: room c013       shell=shell_corner_left    mode=none   declared=0 judged=0 accepted=0 selected=0 declined=0 built=0
p3a: room c016       shell=shell_corner_right   mode=none   declared=0 judged=0 accepted=0 selected=0 declined=0 built=0
p3a: room c019       shell=shell_corner_left    mode=none   declared=0 judged=0 accepted=0 selected=0 declined=0 built=0
p3a: room c022       shell=shell_corner_right   mode=none   declared=0 judged=0 accepted=0 selected=0 declined=0 built=0
p3a: room c023       shell=(procedural)         mode=none   declared=0 judged=0 accepted=0 selected=0 declined=0 built=0
p3a: selection mode=none -- nothing selected
p3a: zone zone_008 mode=none declared=6 judged=5 accepted=5 selected=0 built=0 declined=0 refused=0 (rooms judged before the first build: 23)
  RECOVERY: 1 refusal(s) seen over 2 entry attempt(s); ended ACCEPTED
  AFTER: hub ZONE_ACTIVE; the Zone holds 15 of its 15 Check(s); entered=true
  ok: a refused Zone keeps every Check it was allocated (15 of 15)
  ok: the Hub still reports a mode
  ok: the Zone reached a terminal answer rather than leaving the client waiting (ACCEPTED)
  TIMELINE:
       0.00s  provider proposal offered for 'zone_008' and accepted by the provider-side validator (15 Check(s) allocated)
       0.00s  enter_zone sent; the client begins the engine build
       1.53s  ENGINE BUILD FAILED -- branch room 'c015' off 'c013' could not be placed clear of the 36 room(s) already standing
       1.53s  client sent build_failed for 'zone_008' proposal d6b5eb7b1fcc7cd7 attempt 0
       1.89s  bridge charged attempt 1 to 'zone_008'
       1.89s  the recomposed Zone is offered again; entering it (attempt 2) the way the portal does
       7.61s  REPLACEMENT ACCEPTED and entered: the layout the client built on attempt 2 was committed
       7.61s  final: hub ZONE_ACTIVE; the Zone is the active one
NAMED CASE zone_008: first=BUILD FAILED (no layout was submitted, so there is no verdict to wait for) refusals=1 ended=ACCEPTED
GODOT RELOAD TESTS OK (6 checks)
