rm -rf /home/user/archipepsi/.named-case-saves
cd bridge && ARCHIPEPSI_SAVE_DIR=/home/user/archipepsi/.named-case-saves \
   \
  ARCHIPEPSI_SAMPLE_ZONE=/home/user/archipepsi/godot/tests/fixtures/sample/zone_08.json \
  python3 -m archipepsi_bridge --ap=mock --epsilon=sample \
  --mock-scale=default & \
BRIDGE_PID=$!; sleep 3; \
kill -0 $BRIDGE_PID 2>/dev/null || { \
  echo "bridge did not start (port already serving? bad CASE?)"; \
  exit 1; }; \
godot-bin/godot --headless --path godot -- --reload-phase=named-case \
  --named-case-at=8 \
  --named-case-source=/home/user/archipepsi/godot/tests/fixtures/sample/zone_08.json \
  > /tmp/archipepsi-named-case.log 2>&1; \
STATUS=$?; kill $BRIDGE_PID; \
grep -vE "^(ERROR|USER ERROR|WARNING)|^ *(at:|GDScript backtrace|\[[0-9]+\] )" \
  /tmp/archipepsi-named-case.log | tail -70; \
if [ $STATUS -ne 0 ]; then exit $STATUS; fi; \
if grep -q "SCRIPT ERROR" /tmp/archipepsi-named-case.log; then \
  echo "-- a script error was raised. A run that crashed and still"; \
  echo "-- printed its report is not a pass: the missing-player"; \
  echo "-- crash after a failed build printed one."; \
  grep -m5 "SCRIPT ERROR" /tmp/archipepsi-named-case.log; \
  exit 1; \
fi

  Archipepsi bridge v0.1.0  (9ea174372622*)
    listening   ws://127.0.0.1:38290   (Godot connects here)
    archipelago MOCK - offline fixture campaign, default scale (450 locations, 15 Checks per Zone)
    epsilon     sample
    saves       /home/user/archipepsi/.named-case-saves

    (no campaign there yet; it is created on first connect)

2026-09-20 04:35:33,087 websockets.server INFO server listening on 127.0.0.1:38290
2026-09-20 04:35:33,087 archipepsi.server INFO bridge listening on ws://127.0.0.1:38290
2026-09-20 04:35:38,531 websockets.server INFO connection open
2026-09-20 04:35:38,531 archipepsi.server INFO client connected (1 total)
2026-09-20 04:35:38,545 archipepsi.mock_ap INFO mock AP connected: 450 locations scouted
2026-09-20 04:35:38,548 archipepsi.campaign INFO created campaign 1b7b4f118d2f3db5__Skyiah.json at 450 locations / 15 per Zone / 1000 budget (track order: Bomb Rush Cyberfunk → Dark Souls III → Super Mario 64 → Borderlands 2 → Archipepsi → Ocarina of Time)
2026-09-20 04:35:38,630 archipepsi.shells INFO shell 'shell_yard_gantry' declares a doorway off its envelope: 'entry' by 0.39 m; 'exit' by 0.39 m (a report, not a refusal -- the crossing test decides)
2026-09-20 04:35:38,631 archipepsi.shells INFO shell 'shell_yard_gantry' declares a doorway off its envelope: 'entry' by 0.39 m; 'exit' by 0.39 m (a report, not a refusal -- the crossing test decides)
2026-09-20 04:35:38,631 archipepsi.shells INFO shell 'shell_yard_gantry' declares a doorway off its envelope: 'entry' by 0.39 m; 'exit' by 0.39 m (a report, not a refusal -- the crossing test decides)
2026-09-20 04:35:38,631 archipepsi.shells INFO shell 'shell_yard_gantry' declares a doorway off its envelope: 'entry' by 0.39 m; 'exit' by 0.39 m (a report, not a refusal -- the crossing test decides)
2026-09-20 04:35:38,631 archipepsi.shells INFO shell 'shell_yard_gantry' declares a doorway off its envelope: 'entry' by 0.39 m; 'exit' by 0.39 m (a report, not a refusal -- the crossing test decides)
2026-09-20 04:35:38,633 archipepsi.shells INFO shell 'shell_yard_gantry' declares a doorway off its envelope: 'entry' by 0.39 m; 'exit' by 0.39 m (a report, not a refusal -- the crossing test decides)
  sample: serving zone_08.json as 'zone_001'
2026-09-20 04:35:38,687 archipepsi.shells INFO shell 'shell_yard_gantry' declares a doorway off its envelope: 'entry' by 0.39 m; 'exit' by 0.39 m (a report, not a refusal -- the crossing test decides)
2026-09-20 04:35:38,687 archipepsi.shells INFO shell 'shell_yard_gantry' declares a doorway off its envelope: 'entry' by 0.39 m; 'exit' by 0.39 m (a report, not a refusal -- the crossing test decides)
2026-09-20 04:35:38,687 archipepsi.shells INFO shell 'shell_yard_gantry' declares a doorway off its envelope: 'entry' by 0.39 m; 'exit' by 0.39 m (a report, not a refusal -- the crossing test decides)
2026-09-20 04:35:38,687 archipepsi.shells INFO shell 'shell_yard_gantry' declares a doorway off its envelope: 'entry' by 0.39 m; 'exit' by 0.39 m (a report, not a refusal -- the crossing test decides)
2026-09-20 04:35:38,687 archipepsi.shells INFO shell 'shell_yard_gantry' declares a doorway off its envelope: 'entry' by 0.39 m; 'exit' by 0.39 m (a report, not a refusal -- the crossing test decides)
2026-09-20 04:35:38,701 archipepsi.shells INFO shell 'shell_yard_gantry' declares a doorway off its envelope: 'entry' by 0.39 m; 'exit' by 0.39 m (a report, not a refusal -- the crossing test decides)
  sample: serving zone_08.json as 'zone_002'
2026-09-20 04:35:38,706 archipepsi.campaign INFO zone zone_002 is ABANDONED by the time generation returned; discarding this outcome
2026-09-20 04:35:38,728 archipepsi.shells INFO shell 'shell_yard_gantry' declares a doorway off its envelope: 'entry' by 0.39 m; 'exit' by 0.39 m (a report, not a refusal -- the crossing test decides)
2026-09-20 04:35:38,728 archipepsi.shells INFO shell 'shell_yard_gantry' declares a doorway off its envelope: 'entry' by 0.39 m; 'exit' by 0.39 m (a report, not a refusal -- the crossing test decides)
2026-09-20 04:35:38,729 archipepsi.shells INFO shell 'shell_yard_gantry' declares a doorway off its envelope: 'entry' by 0.39 m; 'exit' by 0.39 m (a report, not a refusal -- the crossing test decides)
2026-09-20 04:35:38,729 archipepsi.shells INFO shell 'shell_yard_gantry' declares a doorway off its envelope: 'entry' by 0.39 m; 'exit' by 0.39 m (a report, not a refusal -- the crossing test decides)
2026-09-20 04:35:38,729 archipepsi.shells INFO shell 'shell_yard_gantry' declares a doorway off its envelope: 'entry' by 0.39 m; 'exit' by 0.39 m (a report, not a refusal -- the crossing test decides)
2026-09-20 04:35:38,731 archipepsi.shells INFO shell 'shell_yard_gantry' declares a doorway off its envelope: 'entry' by 0.39 m; 'exit' by 0.39 m (a report, not a refusal -- the crossing test decides)
  sample: serving zone_08.json as 'zone_003'
2026-09-20 04:35:38,772 archipepsi.shells INFO shell 'shell_yard_gantry' declares a doorway off its envelope: 'entry' by 0.39 m; 'exit' by 0.39 m (a report, not a refusal -- the crossing test decides)
2026-09-20 04:35:38,772 archipepsi.shells INFO shell 'shell_yard_gantry' declares a doorway off its envelope: 'entry' by 0.39 m; 'exit' by 0.39 m (a report, not a refusal -- the crossing test decides)
2026-09-20 04:35:38,772 archipepsi.shells INFO shell 'shell_yard_gantry' declares a doorway off its envelope: 'entry' by 0.39 m; 'exit' by 0.39 m (a report, not a refusal -- the crossing test decides)
2026-09-20 04:35:38,772 archipepsi.shells INFO shell 'shell_yard_gantry' declares a doorway off its envelope: 'entry' by 0.39 m; 'exit' by 0.39 m (a report, not a refusal -- the crossing test decides)
2026-09-20 04:35:38,772 archipepsi.shells INFO shell 'shell_yard_gantry' declares a doorway off its envelope: 'entry' by 0.39 m; 'exit' by 0.39 m (a report, not a refusal -- the crossing test decides)
2026-09-20 04:35:38,774 archipepsi.shells INFO shell 'shell_yard_gantry' declares a doorway off its envelope: 'entry' by 0.39 m; 'exit' by 0.39 m (a report, not a refusal -- the crossing test decides)
  sample: serving zone_08.json as 'zone_004'
2026-09-20 04:35:38,827 archipepsi.shells INFO shell 'shell_yard_gantry' declares a doorway off its envelope: 'entry' by 0.39 m; 'exit' by 0.39 m (a report, not a refusal -- the crossing test decides)
2026-09-20 04:35:38,827 archipepsi.shells INFO shell 'shell_yard_gantry' declares a doorway off its envelope: 'entry' by 0.39 m; 'exit' by 0.39 m (a report, not a refusal -- the crossing test decides)
2026-09-20 04:35:38,827 archipepsi.shells INFO shell 'shell_yard_gantry' declares a doorway off its envelope: 'entry' by 0.39 m; 'exit' by 0.39 m (a report, not a refusal -- the crossing test decides)
2026-09-20 04:35:38,827 archipepsi.shells INFO shell 'shell_yard_gantry' declares a doorway off its envelope: 'entry' by 0.39 m; 'exit' by 0.39 m (a report, not a refusal -- the crossing test decides)
2026-09-20 04:35:38,827 archipepsi.shells INFO shell 'shell_yard_gantry' declares a doorway off its envelope: 'entry' by 0.39 m; 'exit' by 0.39 m (a report, not a refusal -- the crossing test decides)
2026-09-20 04:35:38,829 archipepsi.shells INFO shell 'shell_yard_gantry' declares a doorway off its envelope: 'entry' by 0.39 m; 'exit' by 0.39 m (a report, not a refusal -- the crossing test decides)
  sample: serving zone_08.json as 'zone_005'
2026-09-20 04:35:38,883 archipepsi.shells INFO shell 'shell_yard_gantry' declares a doorway off its envelope: 'entry' by 0.39 m; 'exit' by 0.39 m (a report, not a refusal -- the crossing test decides)
2026-09-20 04:35:38,883 archipepsi.shells INFO shell 'shell_yard_gantry' declares a doorway off its envelope: 'entry' by 0.39 m; 'exit' by 0.39 m (a report, not a refusal -- the crossing test decides)
2026-09-20 04:35:38,883 archipepsi.shells INFO shell 'shell_yard_gantry' declares a doorway off its envelope: 'entry' by 0.39 m; 'exit' by 0.39 m (a report, not a refusal -- the crossing test decides)
2026-09-20 04:35:38,884 archipepsi.shells INFO shell 'shell_yard_gantry' declares a doorway off its envelope: 'entry' by 0.39 m; 'exit' by 0.39 m (a report, not a refusal -- the crossing test decides)
2026-09-20 04:35:38,884 archipepsi.shells INFO shell 'shell_yard_gantry' declares a doorway off its envelope: 'entry' by 0.39 m; 'exit' by 0.39 m (a report, not a refusal -- the crossing test decides)
2026-09-20 04:35:38,886 archipepsi.shells INFO shell 'shell_yard_gantry' declares a doorway off its envelope: 'entry' by 0.39 m; 'exit' by 0.39 m (a report, not a refusal -- the crossing test decides)
  sample: serving zone_08.json as 'zone_006'
2026-09-20 04:35:38,933 archipepsi.shells INFO shell 'shell_yard_gantry' declares a doorway off its envelope: 'entry' by 0.39 m; 'exit' by 0.39 m (a report, not a refusal -- the crossing test decides)
2026-09-20 04:35:38,933 archipepsi.shells INFO shell 'shell_yard_gantry' declares a doorway off its envelope: 'entry' by 0.39 m; 'exit' by 0.39 m (a report, not a refusal -- the crossing test decides)
2026-09-20 04:35:38,933 archipepsi.shells INFO shell 'shell_yard_gantry' declares a doorway off its envelope: 'entry' by 0.39 m; 'exit' by 0.39 m (a report, not a refusal -- the crossing test decides)
2026-09-20 04:35:38,933 archipepsi.shells INFO shell 'shell_yard_gantry' declares a doorway off its envelope: 'entry' by 0.39 m; 'exit' by 0.39 m (a report, not a refusal -- the crossing test decides)
2026-09-20 04:35:38,933 archipepsi.shells INFO shell 'shell_yard_gantry' declares a doorway off its envelope: 'entry' by 0.39 m; 'exit' by 0.39 m (a report, not a refusal -- the crossing test decides)
2026-09-20 04:35:38,935 archipepsi.shells INFO shell 'shell_yard_gantry' declares a doorway off its envelope: 'entry' by 0.39 m; 'exit' by 0.39 m (a report, not a refusal -- the crossing test decides)
  sample: serving zone_08.json as 'zone_007'
2026-09-20 04:35:38,983 archipepsi.shells INFO shell 'shell_yard_gantry' declares a doorway off its envelope: 'entry' by 0.39 m; 'exit' by 0.39 m (a report, not a refusal -- the crossing test decides)
2026-09-20 04:35:38,983 archipepsi.shells INFO shell 'shell_yard_gantry' declares a doorway off its envelope: 'entry' by 0.39 m; 'exit' by 0.39 m (a report, not a refusal -- the crossing test decides)
2026-09-20 04:35:38,983 archipepsi.shells INFO shell 'shell_yard_gantry' declares a doorway off its envelope: 'entry' by 0.39 m; 'exit' by 0.39 m (a report, not a refusal -- the crossing test decides)
2026-09-20 04:35:38,983 archipepsi.shells INFO shell 'shell_yard_gantry' declares a doorway off its envelope: 'entry' by 0.39 m; 'exit' by 0.39 m (a report, not a refusal -- the crossing test decides)
2026-09-20 04:35:38,983 archipepsi.shells INFO shell 'shell_yard_gantry' declares a doorway off its envelope: 'entry' by 0.39 m; 'exit' by 0.39 m (a report, not a refusal -- the crossing test decides)
2026-09-20 04:35:38,985 archipepsi.shells INFO shell 'shell_yard_gantry' declares a doorway off its envelope: 'entry' by 0.39 m; 'exit' by 0.39 m (a report, not a refusal -- the crossing test decides)
  sample: serving zone_08.json as 'zone_008'
2026-09-20 04:36:10,640 archipepsi.server ERROR client handler ended
Traceback (most recent call last):
  File "/home/user/archipepsi/bridge/archipepsi_bridge/server.py", line 84, in handler
    async for raw in ws:
  File "/usr/local/lib/python3.11/dist-packages/websockets/asyncio/connection.py", line 224, in __aiter__
    yield await self.recv()
          ^^^^^^^^^^^^^^^^^
  File "/usr/local/lib/python3.11/dist-packages/websockets/asyncio/connection.py", line 279, in recv
    raise self.protocol.close_exc from self.recv_exc
websockets.exceptions.ConnectionClosedError: no close frame received or sent
2026-09-20 04:36:10,641 archipepsi.server INFO client disconnected (0 left)
Godot Engine v4.5.1.stable.official.f62fdbde1 - https://godotengine.org

  ADVANCING: generating and abandoning 7 Zone(s) so the sample is served as this campaign's Zone 8 -- the id it was dumped under, and therefore its placement seed
  NAMED CASE: zone_008, 15 Check(s) allocated to it
  IDENTITY: SEED PRESERVED -- dumped as 'zone_008' and served as 'zone_008', so the placement seed is the one this case was measured under
  BUILD: the engine could not construct this proposal -- branch room 'c015' off 'c013' could not be placed clear of the 36 room(s) already standing
  REPORTED: build_failed for 'zone_008', proposal d6b5eb7b1fcc7cd7, attempt 0
  ok: the failure was reported for the Zone that failed
  ok: the failure was reported for the attempt it belongs to (0)
  ok: the client did not enter a Zone it could not build
  GENERATION: no proposal was refused; this is the one the provider offered first
  FIRST RESULT: BUILD FAILED (no layout was submitted, so there is no verdict to wait for)
  RECOVERY: 0 refusal(s) seen over 1 entry attempt(s); ended STILL PENDING after the watch window
  AFTER: hub ZONE_ACTIVE; the Zone holds 15 of its 15 Check(s); entered=false
  ok: a refused Zone keeps every Check it was allocated (15 of 15)
  ok: the Hub still reports a mode
FAIL: the Zone reached a terminal answer rather than leaving the client waiting (STILL PENDING after the watch window)
FAIL: the Zone reached a terminal answer rather than leaving the client waiting (STILL PENDING after the watch window)
  TIMELINE:
       0.00s  provider proposal offered for 'zone_008' and accepted by the provider-side validator (15 Check(s) allocated)
       0.00s  enter_zone sent; the client begins the engine build
       1.54s  ENGINE BUILD FAILED -- branch room 'c015' off 'c013' could not be placed clear of the 36 room(s) already standing
       1.54s  client sent build_failed for 'zone_008' proposal d6b5eb7b1fcc7cd7 attempt 0
      31.63s  final: hub ZONE_ACTIVE; the Zone is the active one
NAMED CASE zone_008: first=BUILD FAILED (no layout was submitted, so there is no verdict to wait for) refusals=0 ended=STILL PENDING after the watch window
GODOT RELOAD FAILED (1 of 6 checks)
make: *** [Makefile:675: godot-named-case] Error 1
