Godot Engine v4.5.1.stable.official.f62fdbde1 - https://godotengine.org

  RUNTIME: epsilon=fallback  ap=mock  campaign=MockSeed
          (the bridge printed its resolved save directory and scale at startup; it is in this run's log)
  ZONE: 'zone_001' with 15 Check(s) -- composed by the live provider for this campaign, not served from a fixture
p3a: room c001       shell=(procedural)         mode=none   declared=0 judged=0 accepted=0 selected=0 declined=0 built=0
p3a: room c002       shell=(procedural)         mode=none   declared=0 judged=0 accepted=0 selected=0 declined=0 built=0
p3a: room c018       shell=(procedural)         mode=none   declared=0 judged=0 accepted=0 selected=0 declined=0 built=0
p3a: room c020       shell=(procedural)         mode=none   declared=0 judged=0 accepted=0 selected=0 declined=0 built=0
p3a: room c021       shell=(procedural)         mode=none   declared=0 judged=0 accepted=0 selected=0 declined=0 built=0
p3a: room c003       shell=(procedural)         mode=none   declared=0 judged=0 accepted=0 selected=0 declined=0 built=0
p3a: room c004       shell=shell_corner_right   mode=none   declared=0 judged=0 accepted=0 selected=0 declined=0 built=0
p3a: room c005       shell=(procedural)         mode=none   declared=0 judged=0 accepted=0 selected=0 declined=0 built=0
p3a: room c014       shell=(procedural)         mode=none   declared=0 judged=0 accepted=0 selected=0 declined=0 built=0
p3a: room c015       shell=(procedural)         mode=none   declared=0 judged=0 accepted=0 selected=0 declined=0 built=0
p3a: room c017       shell=(procedural)         mode=none   declared=0 judged=0 accepted=0 selected=0 declined=0 built=0
p3a: room c006       shell=shell_hall_transit   mode=none   declared=6 judged=5 accepted=5 selected=0 declined=0 built=0
p3a: room c007       shell=shell_corner_left    mode=none   declared=0 judged=0 accepted=0 selected=0 declined=0 built=0
p3a: room c008       shell=(procedural)         mode=none   declared=0 judged=0 accepted=0 selected=0 declined=0 built=0
p3a: room c009       shell=(procedural)         mode=none   declared=0 judged=0 accepted=0 selected=0 declined=0 built=0
p3a: room c011       shell=(procedural)         mode=none   declared=0 judged=0 accepted=0 selected=0 declined=0 built=0
p3a: room c012       shell=(procedural)         mode=none   declared=0 judged=0 accepted=0 selected=0 declined=0 built=0
p3a: room c010       shell=shell_corner_right   mode=none   declared=0 judged=0 accepted=0 selected=0 declined=0 built=0
p3a: room c013       shell=shell_corner_left    mode=none   declared=0 judged=0 accepted=0 selected=0 declined=0 built=0
p3a: room c016       shell=shell_corner_right   mode=none   declared=0 judged=0 accepted=0 selected=0 declined=0 built=0
p3a: room c019       shell=shell_corner_left    mode=none   declared=0 judged=0 accepted=0 selected=0 declined=0 built=0
p3a: room c022       shell=shell_corner_right   mode=none   declared=0 judged=0 accepted=0 selected=0 declined=0 built=0
p3a: room c023       shell=(procedural)         mode=none   declared=0 judged=0 accepted=0 selected=0 declined=0 built=0
p3a: selection mode=none -- nothing selected
p3a: zone zone_001 mode=none declared=6 judged=5 accepted=5 selected=0 built=0 declined=0 refused=0 (rooms judged before the first build: 23)
  BUILT: 'Relay 001: Bomb Rush Cyberfunk', 23 room(s), 30 edge(s), theme neon_transit
  ok: the ordinary Zone's layout was ACCEPTED (ACCEPTED)
  OBJECTIVE: every pedestal is locked; 5 goal area(s) in this Zone, walking into them
  OBJECTIVE: walked into a goal area (closest 1.6 m); a Check unlocked
  CHECK: Reward_89100126  placed 2.2 m out (diagnostic isolation), then WALKED to 1.6 m under the real controller
  ok: the game's own interact ray found Reward_89100126 from where the body stopped
  CHECK: the prompt reads '[E] CLAIM CHECK 126'
  ok: location 89100126 was claimed through `Reward.interact` and confirmed by the bridge
  ECHO: mobility now holds 'act_l89100126' (of 1 owned Action(s), slots offered: ["mobility"])
  ok: an owned Action was put in mobility through the same path the wheel and the inventory screen use
  ok: walking onto a station pad brought it online (10 station(s) in this Zone)
  STATION: st:exit came online by standing on it
  ok: the interact ray found station st:exit
  ok: pressing the station opened the travel panel
  ok: the Zone was torn down on leaving
p3a: room c001       shell=(procedural)         mode=none   declared=0 judged=0 accepted=0 selected=0 declined=0 built=0
p3a: room c002       shell=(procedural)         mode=none   declared=0 judged=0 accepted=0 selected=0 declined=0 built=0
p3a: room c018       shell=(procedural)         mode=none   declared=0 judged=0 accepted=0 selected=0 declined=0 built=0
p3a: room c020       shell=(procedural)         mode=none   declared=0 judged=0 accepted=0 selected=0 declined=0 built=0
p3a: room c021       shell=(procedural)         mode=none   declared=0 judged=0 accepted=0 selected=0 declined=0 built=0
p3a: room c003       shell=(procedural)         mode=none   declared=0 judged=0 accepted=0 selected=0 declined=0 built=0
p3a: room c004       shell=shell_corner_right   mode=none   declared=0 judged=0 accepted=0 selected=0 declined=0 built=0
p3a: room c005       shell=(procedural)         mode=none   declared=0 judged=0 accepted=0 selected=0 declined=0 built=0
p3a: room c014       shell=(procedural)         mode=none   declared=0 judged=0 accepted=0 selected=0 declined=0 built=0
p3a: room c015       shell=(procedural)         mode=none   declared=0 judged=0 accepted=0 selected=0 declined=0 built=0
p3a: room c017       shell=(procedural)         mode=none   declared=0 judged=0 accepted=0 selected=0 declined=0 built=0
p3a: room c006       shell=shell_hall_transit   mode=none   declared=6 judged=5 accepted=5 selected=0 declined=0 built=0
p3a: room c007       shell=shell_corner_left    mode=none   declared=0 judged=0 accepted=0 selected=0 declined=0 built=0
p3a: room c008       shell=(procedural)         mode=none   declared=0 judged=0 accepted=0 selected=0 declined=0 built=0
p3a: room c009       shell=(procedural)         mode=none   declared=0 judged=0 accepted=0 selected=0 declined=0 built=0
p3a: room c011       shell=(procedural)         mode=none   declared=0 judged=0 accepted=0 selected=0 declined=0 built=0
p3a: room c012       shell=(procedural)         mode=none   declared=0 judged=0 accepted=0 selected=0 declined=0 built=0
p3a: room c010       shell=shell_corner_right   mode=none   declared=0 judged=0 accepted=0 selected=0 declined=0 built=0
p3a: room c013       shell=shell_corner_left    mode=none   declared=0 judged=0 accepted=0 selected=0 declined=0 built=0
p3a: room c016       shell=shell_corner_right   mode=none   declared=0 judged=0 accepted=0 selected=0 declined=0 built=0
p3a: room c019       shell=shell_corner_left    mode=none   declared=0 judged=0 accepted=0 selected=0 declined=0 built=0
p3a: room c022       shell=shell_corner_right   mode=none   declared=0 judged=0 accepted=0 selected=0 declined=0 built=0
p3a: room c023       shell=(procedural)         mode=none   declared=0 judged=0 accepted=0 selected=0 declined=0 built=0
p3a: selection mode=none -- nothing selected
p3a: zone zone_001 mode=none declared=6 judged=5 accepted=5 selected=0 built=0 declined=0 refused=0 (rooms judged before the first build: 23)
  ok: the Zone was re-entered after returning to the Hub
  ok: leaving and re-entering changed no allocation (15 of 15)
  TIMELINE:
       0.00s  ordinary proposal offered for 'zone_001'
       0.36s  engine build finished; a player exists
       5.38s  bridge verdict: ACCEPTED
       5.80s  goal area entered on foot; a Check unlocked
       6.04s  walked the last leg to Reward_89100126: 2.2 m -> 1.6 m
       6.06s  interact pressed on Reward_89100126 (location 89100126)
       6.10s  bridge confirmed location 89100126
       6.21s  equipped 'act_l89100126' into mobility
       8.55s  station st:exit online
       8.57s  travel panel opened from station st:exit
       8.60s  left 'zone_001' without abandoning it
       8.99s  re-entered 'zone_001'
GODOT RELOAD TESTS OK (10 checks)
