rm -rf /home/user/archipepsi/.reload-saves /root/.local/share/godot/app_userdata/Archipepsi/reload_notes.json
cd bridge && ARCHIPEPSI_SAVE_DIR=/home/user/archipepsi/.reload-saves \
  python3 -m archipepsi_bridge --ap=mock --epsilon=fallback \
  --mock-scale=default & \
BRIDGE_PID=$!; sleep 2; \
kill -0 $BRIDGE_PID 2>/dev/null || { \
  echo "bridge did not start (port already serving?)"; exit 1; }; \
godot-bin/godot --headless --path godot -- --reload-phase=record > /tmp/reload-record.log 2>&1; \
RECORD=$?; \
grep -vE "^(ERROR|USER ERROR|   at:|GDScript backtrace|       \[|WARNING)" /tmp/reload-record.log | tail -25; \
if [ $RECORD -ne 0 ]; then kill $BRIDGE_PID; exit $RECORD; fi; \
echo "-- both processes restart: the bridge too, from its own save --"; \
kill $BRIDGE_PID; wait $BRIDGE_PID 2>/dev/null || true; \
cd bridge && ARCHIPEPSI_SAVE_DIR=/home/user/archipepsi/.reload-saves \
  python3 -m archipepsi_bridge --ap=mock --epsilon=fallback \
  --mock-scale=default & \
BRIDGE_PID=$!; sleep 2; \
kill -0 $BRIDGE_PID 2>/dev/null || { \
  echo "the restarted bridge did not come back"; exit 1; }; \
godot-bin/godot --headless --path godot -- --reload-phase=resume > /tmp/reload-resume.log 2>&1; \
RESUME=$?; \
grep -vE "^(ERROR|USER ERROR|   at:|GDScript backtrace|       \[|WARNING)" /tmp/reload-resume.log | tail -30; \
kill $BRIDGE_PID; exit $RESUME

  Archipepsi bridge v0.1.0  (0c5b4d9cae54*)
    listening   ws://127.0.0.1:38290   (Godot connects here)
    archipelago MOCK - offline fixture campaign, default scale (450 locations, 15 Checks per Zone)
    epsilon     fallback
    saves       /home/user/archipepsi/.reload-saves
    zone 1      fe2b014761fbb449   (23 rooms, 15 Checks, 911 points)

    (no campaign there yet; it is created on first connect)

Traceback (most recent call last):
  File "/home/user/archipepsi/bridge/archipepsi_bridge/server.py", line 84, in handler
    async for raw in ws:
  File "/usr/local/lib/python3.11/dist-packages/websockets/asyncio/connection.py", line 224, in __aiter__
    yield await self.recv()
          ^^^^^^^^^^^^^^^^^
  File "/usr/local/lib/python3.11/dist-packages/websockets/asyncio/connection.py", line 279, in recv
    raise self.protocol.close_exc from self.recv_exc
websockets.exceptions.ConnectionClosedError: no close frame received or sent
p3a: room c003       shell=(procedural)         mode=none   declared=0 judged=0 accepted=0 selected=0 declined=0 built=0
p3a: room c004       shell=shell_corner_right   mode=none   declared=0 judged=0 accepted=0 selected=0 declined=0 built=0
p3a: room c005       shell=(procedural)         mode=none   declared=0 judged=0 accepted=0 selected=0 declined=0 built=0
p3a: room c014       shell=(procedural)         mode=none   declared=0 judged=0 accepted=0 selected=0 declined=0 built=0
p3a: room c015       shell=(procedural)         mode=none   declared=0 judged=0 accepted=0 selected=0 declined=0 built=0
p3a: room c017       shell=(procedural)         mode=none   declared=0 judged=0 accepted=0 selected=0 declined=0 built=0
p3a: room c006       shell=shell_hall_transit   mode=none   declared=6 judged=5 accepted=5 selected=0 declined=0 built=0
p3a: room c007       shell=shell_corner_left    mode=none   declared=0 judged=0 accepted=0 selected=0 declined=0 built=0
p3a: room c008       shell=(procedural)         mode=none   declared=0 judged=0 accepted=0 selected=0 declined=0 built=0
p3a: room c009       shell=(procedural)         mode=none   declared=0 judged=0 accepted=0 selected=0 declined=0 built=0
p3a: room c011       shell=(procedural)         mode=none   declared=0 judged=0 accepted=0 selected=0 declined=0 built=0
p3a: room c012       shell=(procedural)         mode=none   declared=0 judged=0 accepted=0 selected=0 declined=0 built=0
p3a: room c010       shell=shell_corner_right   mode=none   declared=0 judged=0 accepted=0 selected=0 declined=0 built=0
p3a: room c013       shell=shell_corner_left    mode=none   declared=0 judged=0 accepted=0 selected=0 declined=0 built=0
p3a: room c016       shell=shell_corner_right   mode=none   declared=0 judged=0 accepted=0 selected=0 declined=0 built=0
p3a: room c019       shell=shell_corner_left    mode=none   declared=0 judged=0 accepted=0 selected=0 declined=0 built=0
p3a: room c022       shell=shell_corner_right   mode=none   declared=0 judged=0 accepted=0 selected=0 declined=0 built=0
p3a: room c023       shell=(procedural)         mode=none   declared=0 judged=0 accepted=0 selected=0 declined=0 built=0
p3a: selection mode=none -- nothing selected
p3a: zone zone_001 mode=none declared=6 judged=5 accepted=5 selected=0 built=0 declined=0 refused=0 (rooms judged before the first build: 23)
  PHASE 1 OK -- a fresh proposal was built and accepted
  ok: the key 'blue' was collected in the first process
  ok: collecting the key opened 'c005/side_right'
recorded: zone zone_001, key blue, lock c005/side_right, station st:exit
GODOT RELOAD TESTS OK (2 checks)
-- both processes restart: the bridge too, from its own save --

  Archipepsi bridge v0.1.0  (0c5b4d9cae54*)
    listening   ws://127.0.0.1:38290   (Godot connects here)
    archipelago MOCK - offline fixture campaign, default scale (450 locations, 15 Checks per Zone)
    epsilon     fallback
    saves       /home/user/archipepsi/.reload-saves
    zone 1      fe2b014761fbb449   (23 rooms, 15 Checks, 911 points)

Traceback (most recent call last):
  File "/home/user/archipepsi/bridge/archipepsi_bridge/server.py", line 84, in handler
    async for raw in ws:
  File "/usr/local/lib/python3.11/dist-packages/websockets/asyncio/connection.py", line 224, in __aiter__
    yield await self.recv()
          ^^^^^^^^^^^^^^^^^
  File "/usr/local/lib/python3.11/dist-packages/websockets/asyncio/connection.py", line 279, in recv
    raise self.protocol.close_exc from self.recv_exc
websockets.exceptions.ConnectionClosedError: no close frame received or sent
p3a: room c008       shell=(procedural)         mode=none   declared=0 judged=0 accepted=0 selected=0 declined=0 built=0
p3a: room c009       shell=(procedural)         mode=none   declared=0 judged=0 accepted=0 selected=0 declined=0 built=0
p3a: room c011       shell=(procedural)         mode=none   declared=0 judged=0 accepted=0 selected=0 declined=0 built=0
p3a: room c012       shell=(procedural)         mode=none   declared=0 judged=0 accepted=0 selected=0 declined=0 built=0
p3a: room c010       shell=shell_corner_right   mode=none   declared=0 judged=0 accepted=0 selected=0 declined=0 built=0
p3a: room c013       shell=shell_corner_left    mode=none   declared=0 judged=0 accepted=0 selected=0 declined=0 built=0
p3a: room c016       shell=shell_corner_right   mode=none   declared=0 judged=0 accepted=0 selected=0 declined=0 built=0
p3a: room c019       shell=shell_corner_left    mode=none   declared=0 judged=0 accepted=0 selected=0 declined=0 built=0
p3a: room c022       shell=shell_corner_right   mode=none   declared=0 judged=0 accepted=0 selected=0 declined=0 built=0
p3a: room c023       shell=(procedural)         mode=none   declared=0 judged=0 accepted=0 selected=0 declined=0 built=0
p3a: selection mode=none -- nothing selected
p3a: zone zone_001 mode=none declared=6 judged=5 accepted=5 selected=0 built=0 declined=0 refused=0 (rooms judged before the first build: 23)
  ok: the portal led back into zone_001, and it led into 'zone_001'
  ok: the reloaded campaign still holds zone_001
  ok: the save carries the key 'blue'
  ok: the save carries the opened lock 'c005/side_right'
  ok: the save carries the committed layout
  ok: the Zone was REPLAYED from its manifest: 0 route search(es) ran, and a committed layout is rebuilt rather than solved
  ok: the player still holds the key they collected last time
  ok: the lock they opened last time is open
  ok: the station they reached last time is online
  ok: 0 copies of the collected key were rebuilt
  ok: 0 slab(s) were rebuilt in a doorway the player opened
  ok: the manifest carries both rooms' arrivals
  ANCHORS: 48 recorded anchor(s) compared with what this build instantiated; worst gap 0.000 m
          SAME BUILD, so this is present determinism and NOT evidence about a save written by another build; see docs/RETURN_ANCHOR_PERSISTENCE.md
  ok: the manifest's anchors could be compared with the instantiated ones
  ok: this build reinstantiates its own committed anchors where it recorded them (worst 0.000 m)
  ok: the player walked from 'c005' through the doorway they had already opened and into 'c014': they are at (-71.15148, 1.935666, 6.89057) and it is [P: (-95.59, 0.53, -7.550003), S: (24.0, 9.0, 27.3)] (76 frames, 3.6 m from its arrival)
GODOT RELOAD TESTS OK (20 checks)
